// Jest Snapshot v1, https://goo.gl/fbAQLP

exports[`testing <LoginScreen /> should match with the snapshot 1`] = `
<div
  className="container mt-5"
>
  <h1>
    Iniciar Sesion
  </h1>
  <hr />
  <form
    className="form"
  >
    <input
      className="form-control"
      placeholder="username"
      type="text"
    />
    <input
      className="form-control my-3"
      placeholder="password"
      type="password"
    />
    <button
      className="btn btn-info text-white w-50"
      onClick={[Function]}
    >
      Login
    </button>
  </form>
</div>
`;
